main.c:67:5:main	48	static
main.c:154:6:SystemClock_Config	72	static
main.c:190:13:MX_USART1_UART_Init	8	static
main.c:223:13:MX_GPIO_Init	16	static
main.c:233:6:Flash_Write_uint8	96	static
main.c:257:6:Flash_Read_uint8	88	static
main.c:272:6:Flash_Write_uint16	96	static
main.c:296:6:Flash_Erase_One_Page	112	static
main.c:326:6:Flash_Write_uint32	96	static
main.c:348:10:Flash_Read_uint32	96	static
main.c:365:6:Flash_Write_uint64	112	static
main.c:393:6:Error_Handler	4	static,ignoring_inline_asm
