Archive member included to satisfy reference by file (symbol)

c:/st/stm32cubeide_1.8.0/stm32cubeide/plugins/com.st.stm32cube.ide.mcu.externaltools.gnu-tools-for-stm32.9-2020-q2-update.win32_2.0.0.202105311346/tools/bin/../lib/gcc/arm-none-eabi/9.3.1/../../../../arm-none-eabi/lib/thumb/v7-m/nofp\libc_nano.a(lib_a-errno.o)
                              ./Core/Src/syscalls.o (__errno)
c:/st/stm32cubeide_1.8.0/stm32cubeide/plugins/com.st.stm32cube.ide.mcu.externaltools.gnu-tools-for-stm32.9-2020-q2-update.win32_2.0.0.202105311346/tools/bin/../lib/gcc/arm-none-eabi/9.3.1/../../../../arm-none-eabi/lib/thumb/v7-m/nofp\libc_nano.a(lib_a-exit.o)
                              c:/st/stm32cubeide_1.8.0/stm32cubeide/plugins/com.st.stm32cube.ide.mcu.externaltools.gnu-tools-for-stm32.9-2020-q2-update.win32_2.0.0.202105311346/tools/bin/../lib/gcc/arm-none-eabi/9.3.1/../../../../arm-none-eabi/lib/thumb/v7-m/nofp/crt0.o (exit)
c:/st/stm32cubeide_1.8.0/stm32cubeide/plugins/com.st.stm32cube.ide.mcu.externaltools.gnu-tools-for-stm32.9-2020-q2-update.win32_2.0.0.202105311346/tools/bin/../lib/gcc/arm-none-eabi/9.3.1/../../../../arm-none-eabi/lib/thumb/v7-m/nofp\libc_nano.a(lib_a-impure.o)
                              c:/st/stm32cubeide_1.8.0/stm32cubeide/plugins/com.st.stm32cube.ide.mcu.externaltools.gnu-tools-for-stm32.9-2020-q2-update.win32_2.0.0.202105311346/tools/bin/../lib/gcc/arm-none-eabi/9.3.1/../../../../arm-none-eabi/lib/thumb/v7-m/nofp\libc_nano.a(lib_a-exit.o) (_global_impure_ptr)
c:/st/stm32cubeide_1.8.0/stm32cubeide/plugins/com.st.stm32cube.ide.mcu.externaltools.gnu-tools-for-stm32.9-2020-q2-update.win32_2.0.0.202105311346/tools/bin/../lib/gcc/arm-none-eabi/9.3.1/../../../../arm-none-eabi/lib/thumb/v7-m/nofp\libc_nano.a(lib_a-init.o)
                              c:/st/stm32cubeide_1.8.0/stm32cubeide/plugins/com.st.stm32cube.ide.mcu.externaltools.gnu-tools-for-stm32.9-2020-q2-update.win32_2.0.0.202105311346/tools/bin/../lib/gcc/arm-none-eabi/9.3.1/../../../../arm-none-eabi/lib/thumb/v7-m/nofp/crt0.o (__libc_init_array)
c:/st/stm32cubeide_1.8.0/stm32cubeide/plugins/com.st.stm32cube.ide.mcu.externaltools.gnu-tools-for-stm32.9-2020-q2-update.win32_2.0.0.202105311346/tools/bin/../lib/gcc/arm-none-eabi/9.3.1/../../../../arm-none-eabi/lib/thumb/v7-m/nofp\libc_nano.a(lib_a-memset.o)
                              c:/st/stm32cubeide_1.8.0/stm32cubeide/plugins/com.st.stm32cube.ide.mcu.externaltools.gnu-tools-for-stm32.9-2020-q2-update.win32_2.0.0.202105311346/tools/bin/../lib/gcc/arm-none-eabi/9.3.1/../../../../arm-none-eabi/lib/thumb/v7-m/nofp/crt0.o (memset)

Allocating common symbols
Common symbol       size              file

uwTick              0x4               ./Drivers/STM32F1xx_HAL_Driver/Src/stm32f1xx_hal.o
pFlash              0x20              ./Drivers/STM32F1xx_HAL_Driver/Src/stm32f1xx_hal_flash.o
hdma_usart1_tx      0x44              ./Core/Src/main.o
hdma_usart1_rx      0x44              ./Core/Src/main.o
huart1              0x44              ./Core/Src/main.o
dma_buffer          0x7d0             ./Core/Src/main.o

Discarded input sections

 .text          0x0000000000000000        0x0 c:/st/stm32cubeide_1.8.0/stm32cubeide/plugins/com.st.stm32cube.ide.mcu.externaltools.gnu-tools-for-stm32.9-2020-q2-update.win32_2.0.0.202105311346/tools/bin/../lib/gcc/arm-none-eabi/9.3.1/thumb/v7-m/nofp/crti.o
 .data          0x0000000000000000        0x0 c:/st/stm32cubeide_1.8.0/stm32cubeide/plugins/com.st.stm32cube.ide.mcu.externaltools.gnu-tools-for-stm32.9-2020-q2-update.win32_2.0.0.202105311346/tools/bin/../lib/gcc/arm-none-eabi/9.3.1/thumb/v7-m/nofp/crti.o
 .bss           0x0000000000000000        0x0 c:/st/stm32cubeide_1.8.0/stm32cubeide/plugins/com.st.stm32cube.ide.mcu.externaltools.gnu-tools-for-stm32.9-2020-q2-update.win32_2.0.0.202105311346/tools/bin/../lib/gcc/arm-none-eabi/9.3.1/thumb/v7-m/nofp/crti.o
 .data          0x0000000000000000        0x4 c:/st/stm32cubeide_1.8.0/stm32cubeide/plugins/com.st.stm32cube.ide.mcu.externaltools.gnu-tools-for-stm32.9-2020-q2-update.win32_2.0.0.202105311346/tools/bin/../lib/gcc/arm-none-eabi/9.3.1/thumb/v7-m/nofp/crtbegin.o
 .text          0x0000000000000000       0x7c c:/st/stm32cubeide_1.8.0/stm32cubeide/plugins/com.st.stm32cube.ide.mcu.externaltools.gnu-tools-for-stm32.9-2020-q2-update.win32_2.0.0.202105311346/tools/bin/../lib/gcc/arm-none-eabi/9.3.1/../../../../arm-none-eabi/lib/thumb/v7-m/nofp/crt0.o
 .data          0x0000000000000000        0x0 c:/st/stm32cubeide_1.8.0/stm32cubeide/plugins/com.st.stm32cube.ide.mcu.externaltools.gnu-tools-for-stm32.9-2020-q2-update.win32_2.0.0.202105311346/tools/bin/../lib/gcc/arm-none-eabi/9.3.1/../../../../arm-none-eabi/lib/thumb/v7-m/nofp/crt0.o
 .bss           0x0000000000000000        0x0 c:/st/stm32cubeide_1.8.0/stm32cubeide/plugins/com.st.stm32cube.ide.mcu.externaltools.gnu-tools-for-stm32.9-2020-q2-update.win32_2.0.0.202105311346/tools/bin/../lib/gcc/arm-none-eabi/9.3.1/../../../../arm-none-eabi/lib/thumb/v7-m/nofp/crt0.o
[...]
Memory Configuration

Name             Origin             Length             Attributes
RAM              0x0000000020000000 0x0000000000002800 xrw
FLASH            0x0000000008000000 0x0000000000008000 xr
*default*        0x0000000000000000 0xffffffffffffffff

Linker script and memory map

LOAD c:/st/stm32cubeide_1.8.0/stm32cubeide/plugins/com.st.stm32cube.ide.mcu.externaltools.gnu-tools-for-stm32.9-2020-q2-update.win32_2.0.0.202105311346/tools/bin/../lib/gcc/arm-none-eabi/9.3.1/thumb/v7-m/nofp/crti.o
LOAD c:/st/stm32cubeide_1.8.0/stm32cubeide/plugins/com.st.stm32cube.ide.mcu.externaltools.gnu-tools-for-stm32.9-2020-q2-update.win32_2.0.0.202105311346/tools/bin/../lib/gcc/arm-none-eabi/9.3.1/thumb/v7-m/nofp/crtbegin.o
LOAD c:/st/stm32cubeide_1.8.0/stm32cubeide/plugins/com.st.stm32cube.ide.mcu.externaltools.gnu-tools-for-stm32.9-2020-q2-update.win32_2.0.0.202105311346/tools/bin/../lib/gcc/arm-none-eabi/9.3.1/../../../../arm-none-eabi/lib/thumb/v7-m/nofp/crt0.o
LOAD ./Core/Src/main.o
LOAD ./Core/Src/stm32f1xx_hal_msp.o
LOAD ./Core/Src/stm32f1xx_it.o
LOAD ./Core/Src/syscalls.o
LOAD ./Core/Src/sysmem.o
LOAD ./Core/Src/system_stm32f1xx.o
LOAD ./Core/Startup/startup_stm32f103c6tx.o
LOAD ./Drivers/STM32F1xx_HAL_Driver/Src/stm32f1xx_hal.o
LOAD ./Drivers/STM32F1xx_HAL_Driver/Src/stm32f1xx_hal_cortex.o
LOAD ./Drivers/STM32F1xx_HAL_Driver/Src/stm32f1xx_hal_dma.o
LOAD ./Drivers/STM32F1xx_HAL_Driver/Src/stm32f1xx_hal_exti.o
LOAD ./Drivers/STM32F1xx_HAL_Driver/Src/stm32f1xx_hal_flash.o
LOAD ./Drivers/STM32F1xx_HAL_Driver/Src/stm32f1xx_hal_flash_ex.o
LOAD ./Drivers/STM32F1xx_HAL_Driver/Src/stm32f1xx_hal_gpio.o
LOAD ./Drivers/STM32F1xx_HAL_Driver/Src/stm32f1xx_hal_gpio_ex.o
LOAD ./Drivers/STM32F1xx_HAL_Driver/Src/stm32f1xx_hal_pwr.o
LOAD ./Drivers/STM32F1xx_HAL_Driver/Src/stm32f1xx_hal_rcc.o
LOAD ./Drivers/STM32F1xx_HAL_Driver/Src/stm32f1xx_hal_rcc_ex.o
LOAD ./Drivers/STM32F1xx_HAL_Driver/Src/stm32f1xx_hal_tim.o
LOAD ./Drivers/STM32F1xx_HAL_Driver/Src/stm32f1xx_hal_tim_ex.o
LOAD ./Drivers/STM32F1xx_HAL_Driver/Src/stm32f1xx_hal_uart.o
START GROUP
LOAD c:/st/stm32cubeide_1.8.0/stm32cubeide/plugins/com.st.stm32cube.ide.mcu.externaltools.gnu-tools-for-stm32.9-2020-q2-update.win32_2.0.0.202105311346/tools/bin/../lib/gcc/arm-none-eabi/9.3.1/../../../../arm-none-eabi/lib/thumb/v7-m/nofp\libc_nano.a
LOAD c:/st/stm32cubeide_1.8.0/stm32cubeide/plugins/com.st.stm32cube.ide.mcu.externaltools.gnu-tools-for-stm32.9-2020-q2-update.win32_2.0.0.202105311346/tools/bin/../lib/gcc/arm-none-eabi/9.3.1/../../../../arm-none-eabi/lib/thumb/v7-m/nofp\libm.a
END GROUP
START GROUP
LOAD c:/st/stm32cubeide_1.8.0/stm32cubeide/plugins/com.st.stm32cube.ide.mcu.externaltools.gnu-tools-for-stm32.9-2020-q2-update.win32_2.0.0.202105311346/tools/bin/../lib/gcc/arm-none-eabi/9.3.1/thumb/v7-m/nofp\libgcc.a
LOAD c:/st/stm32cubeide_1.8.0/stm32cubeide/plugins/com.st.stm32cube.ide.mcu.externaltools.gnu-tools-for-stm32.9-2020-q2-update.win32_2.0.0.202105311346/tools/bin/../lib/gcc/arm-none-eabi/9.3.1/../../../../arm-none-eabi/lib/thumb/v7-m/nofp\libc_nano.a
END GROUP
START GROUP
LOAD c:/st/stm32cubeide_1.8.0/stm32cubeide/plugins/com.st.stm32cube.ide.mcu.externaltools.gnu-tools-for-stm32.9-2020-q2-update.win32_2.0.0.202105311346/tools/bin/../lib/gcc/arm-none-eabi/9.3.1/thumb/v7-m/nofp\libgcc.a
LOAD c:/st/stm32cubeide_1.8.0/stm32cubeide/plugins/com.st.stm32cube.ide.mcu.externaltools.gnu-tools-for-stm32.9-2020-q2-update.win32_2.0.0.202105311346/tools/bin/../lib/gcc/arm-none-eabi/9.3.1/../../../../arm-none-eabi/lib/thumb/v7-m/nofp\libc_nano.a
LOAD c:/st/stm32cubeide_1.8.0/stm32cubeide/plugins/com.st.stm32cube.ide.mcu.externaltools.gnu-tools-for-stm32.9-2020-q2-update.win32_2.0.0.202105311346/tools/bin/../lib/gcc/arm-none-eabi/9.3.1/../../../../arm-none-eabi/lib/thumb/v7-m/nofp\libnosys.a
END GROUP
START GROUP
LOAD c:/st/stm32cubeide_1.8.0/stm32cubeide/plugins/com.st.stm32cube.ide.mcu.externaltools.gnu-tools-for-stm32.9-2020-q2-update.win32_2.0.0.202105311346/tools/bin/../lib/gcc/arm-none-eabi/9.3.1/thumb/v7-m/nofp\libgcc.a
LOAD c:/st/stm32cubeide_1.8.0/stm32cubeide/plugins/com.st.stm32cube.ide.mcu.externaltools.gnu-tools-for-stm32.9-2020-q2-update.win32_2.0.0.202105311346/tools/bin/../lib/gcc/arm-none-eabi/9.3.1/../../../../arm-none-eabi/lib/thumb/v7-m/nofp\libc_nano.a
LOAD c:/st/stm32cubeide_1.8.0/stm32cubeide/plugins/com.st.stm32cube.ide.mcu.externaltools.gnu-tools-for-stm32.9-2020-q2-update.win32_2.0.0.202105311346/tools/bin/../lib/gcc/arm-none-eabi/9.3.1/../../../../arm-none-eabi/lib/thumb/v7-m/nofp\libnosys.a
END GROUP
LOAD c:/st/stm32cubeide_1.8.0/stm32cubeide/plugins/com.st.stm32cube.ide.mcu.externaltools.gnu-tools-for-stm32.9-2020-q2-update.win32_2.0.0.202105311346/tools/bin/../lib/gcc/arm-none-eabi/9.3.1/thumb/v7-m/nofp/crtend.o
LOAD c:/st/stm32cubeide_1.8.0/stm32cubeide/plugins/com.st.stm32cube.ide.mcu.externaltools.gnu-tools-for-stm32.9-2020-q2-update.win32_2.0.0.202105311346/tools/bin/../lib/gcc/arm-none-eabi/9.3.1/thumb/v7-m/nofp/crtn.o
                0x0000000020002800                _estack = (ORIGIN (RAM) + LENGTH (RAM))
                0x0000000000000200                _Min_Heap_Size = 0x200
                0x0000000000000400                _Min_Stack_Size = 0x400

.isr_vector     0x0000000008000000      0x10c
                0x0000000008000000                . = ALIGN (0x4)
 *(.isr_vector)
 .isr_vector    0x0000000008000000      0x10c ./Core/Startup/startup_stm32f103c6tx.o
                0x0000000008000000                g_pfnVectors
                0x000000000800010c                . = ALIGN (0x4)

.text           0x000000000800010c     0x27b4
                0x000000000800010c                . = ALIGN (0x4)
 *(.text)
 .text          0x000000000800010c       0x40 c:/st/stm32cubeide_1.8.0/stm32cubeide/plugins/com.st.stm32cube.ide.mcu.externaltools.gnu-tools-for-stm32.9-2020-q2-update.win32_2.0.0.202105311346/tools/bin/../lib/gcc/arm-none-eabi/9.3.1/thumb/v7-m/nofp/crtbegin.o
 *(.text*)
 .text.main     0x000000000800014c       0x74 ./Core/Src/main.o
                0x000000000800014c                main
 .text.SystemClock_Config
                0x00000000080001c0       0x76 ./Core/Src/main.o
                0x00000000080001c0                SystemClock_Config
 .text.MX_NVIC_Init
                0x0000000008000236       0x38 ./Core/Src/main.o
 *fill*         0x000000000800026e        0x2 
 .text.MX_USART1_UART_Init
                0x0000000008000270       0x54 ./Core/Src/main.o
 .text.MX_DMA_Init
                0x00000000080002c4       0x2c ./Core/Src/main.o
 .text.MX_GPIO_Init
                0x00000000080002f0       0x80 ./Core/Src/main.o
 .text.HAL_UART_RxCpltCallback
                0x0000000008000370       0xb0 ./Core/Src/main.o
                0x0000000008000370                HAL_UART_RxCpltCallback
 .text.HAL_UART_TxCpltCallback
                0x0000000008000420       0x7c ./Core/Src/main.o
                0x0000000008000420                HAL_UART_TxCpltCallback
 .text.Error_Handler
                0x000000000800049c        0xa ./Core/Src/main.o
                0x000000000800049c                Error_Handler
 *fill*         0x00000000080004a6        0x2 
 .text.HAL_MspInit
                0x00000000080004a8       0x64 ./Core/Src/stm32f1xx_hal_msp.o
                0x00000000080004a8                HAL_MspInit
 .text.HAL_UART_MspInit
                0x000000000800050c      0x140 ./Core/Src/stm32f1xx_hal_msp.o
                0x000000000800050c                HAL_UART_MspInit
 .text.NMI_Handler
                0x000000000800064c        0x6 ./Core/Src/stm32f1xx_it.o
                0x000000000800064c                NMI_Handler
 .text.HardFault_Handler
                0x0000000008000652        0x6 ./Core/Src/stm32f1xx_it.o
                0x0000000008000652                HardFault_Handler
 .text.MemManage_Handler
                0x0000000008000658        0x6 ./Core/Src/stm32f1xx_it.o
                0x0000000008000658                MemManage_Handler
 .text.BusFault_Handler
                0x000000000800065e        0x6 ./Core/Src/stm32f1xx_it.o
                0x000000000800065e                BusFault_Handler
 .text.UsageFault_Handler
                0x0000000008000664        0x6 ./Core/Src/stm32f1xx_it.o
                0x0000000008000664                UsageFault_Handler
 .text.SVC_Handler
                0x000000000800066a        0xc ./Core/Src/stm32f1xx_it.o
                0x000000000800066a                SVC_Handler
 .text.DebugMon_Handler
                0x0000000008000676        0xc ./Core/Src/stm32f1xx_it.o
                0x0000000008000676                DebugMon_Handler
 .text.PendSV_Handler
                0x0000000008000682        0xc ./Core/Src/stm32f1xx_it.o
                0x0000000008000682                PendSV_Handler
 .text.SysTick_Handler
                0x000000000800068e        0xc ./Core/Src/stm32f1xx_it.o
                0x000000000800068e                SysTick_Handler
 *fill*         0x000000000800069a        0x2 
 .text.DMA1_Channel4_IRQHandler
                0x000000000800069c       0x14 ./Core/Src/stm32f1xx_it.o
                0x000000000800069c                DMA1_Channel4_IRQHandler
 .text.DMA1_Channel5_IRQHandler
                0x00000000080006b0       0x14 ./Core/Src/stm32f1xx_it.o
                0x00000000080006b0                DMA1_Channel5_IRQHandler
 .text.USART1_IRQHandler
                0x00000000080006c4       0x14 ./Core/Src/stm32f1xx_it.o
                0x00000000080006c4                USART1_IRQHandler
 .text.SystemInit
                0x00000000080006d8        0xc ./Core/Src/system_stm32f1xx.o
                0x00000000080006d8                SystemInit
 .text.Reset_Handler
                0x00000000080006e4       0x48 ./Core/Startup/startup_stm32f103c6tx.o
                0x00000000080006e4                Reset_Handler
 .text.Default_Handler
                0x000000000800072c        0x2 ./Core/Startup/startup_stm32f103c6tx.o
                0x000000000800072c                RTC_Alarm_IRQHandler
                0x000000000800072c                EXTI2_IRQHandler
                0x000000000800072c                TIM1_CC_IRQHandler
                0x000000000800072c                PVD_IRQHandler
                0x000000000800072c                EXTI3_IRQHandler
                0x000000000800072c                EXTI0_IRQHandler
                0x000000000800072c                ADC1_2_IRQHandler
                0x000000000800072c                SPI1_IRQHandler
                0x000000000800072c                TAMPER_IRQHandler
                0x000000000800072c                RTC_IRQHandler
                0x000000000800072c                DMA1_Channel7_IRQHandler
                0x000000000800072c                CAN1_RX1_IRQHandler
                0x000000000800072c                I2C1_EV_IRQHandler
                0x000000000800072c                DMA1_Channel6_IRQHandler
                0x000000000800072c                TIM3_IRQHandler
                0x000000000800072c                RCC_IRQHandler
                0x000000000800072c                TIM1_TRG_COM_IRQHandler
                0x000000000800072c                DMA1_Channel1_IRQHandler
                0x000000000800072c                Default_Handler
                0x000000000800072c                EXTI15_10_IRQHandler
                0x000000000800072c                EXTI9_5_IRQHandler
                0x000000000800072c                EXTI4_IRQHandler
                0x000000000800072c                USB_LP_CAN1_RX0_IRQHandler
                0x000000000800072c                USB_HP_CAN1_TX_IRQHandler
                0x000000000800072c                DMA1_Channel3_IRQHandler
                0x000000000800072c                TIM1_UP_IRQHandler
                0x000000000800072c                WWDG_IRQHandler
                0x000000000800072c                TIM2_IRQHandler
                0x000000000800072c                TIM1_BRK_IRQHandler
                0x000000000800072c                EXTI1_IRQHandler
                0x000000000800072c                USART2_IRQHandler
                0x000000000800072c                DMA1_Channel2_IRQHandler
                0x000000000800072c                CAN1_SCE_IRQHandler
                0x000000000800072c                FLASH_IRQHandler
                0x000000000800072c                I2C1_ER_IRQHandler
                0x000000000800072c                USBWakeUp_IRQHandler
 *fill*         0x000000000800072e        0x2 
 .text.HAL_Init
                0x0000000008000730       0x2c ./Drivers/STM32F1xx_HAL_Driver/Src/stm32f1xx_hal.o
                0x0000000008000730                HAL_Init
 .text.HAL_InitTick
                0x000000000800075c       0x60 ./Drivers/STM32F1xx_HAL_Driver/Src/stm32f1xx_hal.o
                0x000000000800075c                HAL_InitTick
 .text.HAL_IncTick
                0x00000000080007bc       0x24 ./Drivers/STM32F1xx_HAL_Driver/Src/stm32f1xx_hal.o
                0x00000000080007bc                HAL_IncTick
 .text.HAL_GetTick
                0x00000000080007e0       0x14 ./Drivers/STM32F1xx_HAL_Driver/Src/stm32f1xx_hal.o
                0x00000000080007e0                HAL_GetTick
 .text.__NVIC_SetPriorityGrouping
                0x00000000080007f4       0x48 ./Drivers/STM32F1xx_HAL_Driver/Src/stm32f1xx_hal_cortex.o
 .text.__NVIC_GetPriorityGrouping
                0x000000000800083c       0x1c ./Drivers/STM32F1xx_HAL_Driver/Src/stm32f1xx_hal_cortex.o
 .text.__NVIC_EnableIRQ
                0x0000000008000858       0x38 ./Drivers/STM32F1xx_HAL_Driver/Src/stm32f1xx_hal_cortex.o
 .text.__NVIC_SetPriority
                0x0000000008000890       0x54 ./Drivers/STM32F1xx_HAL_Driver/Src/stm32f1xx_hal_cortex.o
 .text.NVIC_EncodePriority
                0x00000000080008e4       0x64 ./Drivers/STM32F1xx_HAL_Driver/Src/stm32f1xx_hal_cortex.o
 .text.SysTick_Config
                0x0000000008000948       0x44 ./Drivers/STM32F1xx_HAL_Driver/Src/stm32f1xx_hal_cortex.o
 .text.HAL_NVIC_SetPriorityGrouping
                0x000000000800098c       0x16 ./Drivers/STM32F1xx_HAL_Driver/Src/stm32f1xx_hal_cortex.o
                0x000000000800098c                HAL_NVIC_SetPriorityGrouping
 .text.HAL_NVIC_SetPriority
                0x00000000080009a2       0x38 ./Drivers/STM32F1xx_HAL_Driver/Src/stm32f1xx_hal_cortex.o
                0x00000000080009a2                HAL_NVIC_SetPriority
 .text.HAL_NVIC_EnableIRQ
                0x00000000080009da       0x1c ./Drivers/STM32F1xx_HAL_Driver/Src/stm32f1xx_hal_cortex.o
                0x00000000080009da                HAL_NVIC_EnableIRQ
 .text.HAL_SYSTICK_Config
                0x00000000080009f6       0x18 ./Drivers/STM32F1xx_HAL_Driver/Src/stm32f1xx_hal_cortex.o
                0x00000000080009f6                HAL_SYSTICK_Config
 *fill*         0x0000000008000a0e        0x2 
 .text.HAL_DMA_Init
                0x0000000008000a10       0xb4 ./Drivers/STM32F1xx_HAL_Driver/Src/stm32f1xx_hal_dma.o
                0x0000000008000a10                HAL_DMA_Init
 .text.HAL_DMA_Start_IT
                0x0000000008000ac4       0xbe ./Drivers/STM32F1xx_HAL_Driver/Src/stm32f1xx_hal_dma.o
                0x0000000008000ac4                HAL_DMA_Start_IT
 .text.HAL_DMA_Abort
                0x0000000008000b82       0x74 ./Drivers/STM32F1xx_HAL_Driver/Src/stm32f1xx_hal_dma.o
                0x0000000008000b82                HAL_DMA_Abort
 *fill*         0x0000000008000bf6        0x2 
 .text.HAL_DMA_Abort_IT
                0x0000000008000bf8       0xec ./Drivers/STM32F1xx_HAL_Driver/Src/stm32f1xx_hal_dma.o
                0x0000000008000bf8                HAL_DMA_Abort_IT
 .text.HAL_DMA_IRQHandler
                0x0000000008000ce4      0x20c ./Drivers/STM32F1xx_HAL_Driver/Src/stm32f1xx_hal_dma.o
                0x0000000008000ce4                HAL_DMA_IRQHandler
 .text.HAL_DMA_GetError
                0x0000000008000ef0       0x16 ./Drivers/STM32F1xx_HAL_Driver/Src/stm32f1xx_hal_dma.o
                0x0000000008000ef0                HAL_DMA_GetError
 .text.DMA_SetConfig
                0x0000000008000f06       0x5a ./Drivers/STM32F1xx_HAL_Driver/Src/stm32f1xx_hal_dma.o
 .text.HAL_GPIO_Init
                0x0000000008000f60      0x2f4 ./Drivers/STM32F1xx_HAL_Driver/Src/stm32f1xx_hal_gpio.o
                0x0000000008000f60                HAL_GPIO_Init
 .text.HAL_GPIO_WritePin
                0x0000000008001254       0x30 ./Drivers/STM32F1xx_HAL_Driver/Src/stm32f1xx_hal_gpio.o
                0x0000000008001254                HAL_GPIO_WritePin
 .text.HAL_GPIO_TogglePin
                0x0000000008001284       0x32 ./Drivers/STM32F1xx_HAL_Driver/Src/stm32f1xx_hal_gpio.o
                0x0000000008001284                HAL_GPIO_TogglePin
 *fill*         0x00000000080012b6        0x2 
 .text.HAL_RCC_OscConfig
                0x00000000080012b8      0x500 ./Drivers/STM32F1xx_HAL_Driver/Src/stm32f1xx_hal_rcc.o
                0x00000000080012b8                HAL_RCC_OscConfig
 .text.HAL_RCC_ClockConfig
                0x00000000080017b8      0x1d4 ./Drivers/STM32F1xx_HAL_Driver/Src/stm32f1xx_hal_rcc.o
                0x00000000080017b8                HAL_RCC_ClockConfig
 .text.HAL_RCC_GetSysClockFreq
                0x000000000800198c       0xc0 ./Drivers/STM32F1xx_HAL_Driver/Src/stm32f1xx_hal_rcc.o
                0x000000000800198c                HAL_RCC_GetSysClockFreq
 .text.HAL_RCC_GetHCLKFreq
                0x0000000008001a4c       0x14 ./Drivers/STM32F1xx_HAL_Driver/Src/stm32f1xx_hal_rcc.o
                0x0000000008001a4c                HAL_RCC_GetHCLKFreq
 .text.HAL_RCC_GetPCLK1Freq
                0x0000000008001a60       0x28 ./Drivers/STM32F1xx_HAL_Driver/Src/stm32f1xx_hal_rcc.o
                0x0000000008001a60                HAL_RCC_GetPCLK1Freq
 .text.HAL_RCC_GetPCLK2Freq
                0x0000000008001a88       0x28 ./Drivers/STM32F1xx_HAL_Driver/Src/stm32f1xx_hal_rcc.o
                0x0000000008001a88                HAL_RCC_GetPCLK2Freq
 .text.RCC_Delay
                0x0000000008001ab0       0x3c ./Drivers/STM32F1xx_HAL_Driver/Src/stm32f1xx_hal_rcc.o
 .text.HAL_UART_Init
                0x0000000008001aec       0x9a ./Drivers/STM32F1xx_HAL_Driver/Src/stm32f1xx_hal_uart.o
                0x0000000008001aec                HAL_UART_Init
 .text.HAL_UART_Transmit
                0x0000000008001b86      0x124 ./Drivers/STM32F1xx_HAL_Driver/Src/stm32f1xx_hal_uart.o
                0x0000000008001b86                HAL_UART_Transmit
 .text.HAL_UART_Transmit_IT
                0x0000000008001caa       0x88 ./Drivers/STM32F1xx_HAL_Driver/Src/stm32f1xx_hal_uart.o
                0x0000000008001caa                HAL_UART_Transmit_IT
 .text.HAL_UART_Receive_DMA
                0x0000000008001d32       0x60 ./Drivers/STM32F1xx_HAL_Driver/Src/stm32f1xx_hal_uart.o
                0x0000000008001d32                HAL_UART_Receive_DMA
 .text.HAL_UART_AbortTransmit
                0x0000000008001d92       0x88 ./Drivers/STM32F1xx_HAL_Driver/Src/stm32f1xx_hal_uart.o
                0x0000000008001d92                HAL_UART_AbortTransmit
 *fill*         0x0000000008001e1a        0x2 
 .text.HAL_UART_IRQHandler
                0x0000000008001e1c      0x354 ./Drivers/STM32F1xx_HAL_Driver/Src/stm32f1xx_hal_uart.o
                0x0000000008001e1c                HAL_UART_IRQHandler
 .text.HAL_UART_RxHalfCpltCallback
                0x0000000008002170       0x12 ./Drivers/STM32F1xx_HAL_Driver/Src/stm32f1xx_hal_uart.o
                0x0000000008002170                HAL_UART_RxHalfCpltCallback
 .text.HAL_UART_ErrorCallback
                0x0000000008002182       0x12 ./Drivers/STM32F1xx_HAL_Driver/Src/stm32f1xx_hal_uart.o
                0x0000000008002182                HAL_UART_ErrorCallback
 .text.HAL_UARTEx_RxEventCallback
                0x0000000008002194       0x16 ./Drivers/STM32F1xx_HAL_Driver/Src/stm32f1xx_hal_uart.o
                0x0000000008002194                HAL_UARTEx_RxEventCallback
 .text.UART_DMAReceiveCplt
                0x00000000080021aa       0x96 ./Drivers/STM32F1xx_HAL_Driver/Src/stm32f1xx_hal_uart.o
 .text.UART_DMARxHalfCplt
                0x0000000008002240       0x36 ./Drivers/STM32F1xx_HAL_Driver/Src/stm32f1xx_hal_uart.o
 .text.UART_DMAError
                0x0000000008002276       0x94 ./Drivers/STM32F1xx_HAL_Driver/Src/stm32f1xx_hal_uart.o
 .text.UART_WaitOnFlagUntilTimeout
                0x000000000800230a       0x94 ./Drivers/STM32F1xx_HAL_Driver/Src/stm32f1xx_hal_uart.o
 *fill*         0x000000000800239e        0x2 
 .text.UART_Start_Receive_DMA
                0x00000000080023a0       0xc8 ./Drivers/STM32F1xx_HAL_Driver/Src/stm32f1xx_hal_uart.o
                0x00000000080023a0                UART_Start_Receive_DMA
 .text.UART_EndTxTransfer
                0x0000000008002468       0x2a ./Drivers/STM32F1xx_HAL_Driver/Src/stm32f1xx_hal_uart.o
 .text.UART_EndRxTransfer
                0x0000000008002492       0x58 ./Drivers/STM32F1xx_HAL_Driver/Src/stm32f1xx_hal_uart.o
 .text.UART_DMAAbortOnError
                0x00000000080024ea       0x28 ./Drivers/STM32F1xx_HAL_Driver/Src/stm32f1xx_hal_uart.o
 .text.UART_Transmit_IT
                0x0000000008002512       0x9e ./Drivers/STM32F1xx_HAL_Driver/Src/stm32f1xx_hal_uart.o
 .text.UART_EndTransmit_IT
                0x00000000080025b0       0x30 ./Drivers/STM32F1xx_HAL_Driver/Src/stm32f1xx_hal_uart.o
 .text.UART_Receive_IT
                0x00000000080025e0      0x152 ./Drivers/STM32F1xx_HAL_Driver/Src/stm32f1xx_hal_uart.o
 *fill*         0x0000000008002732        0x2 
 .text.UART_SetConfig
                0x0000000008002734      0x11c ./Drivers/STM32F1xx_HAL_Driver/Src/stm32f1xx_hal_uart.o
 .text.__libc_init_array
                0x0000000008002850       0x48 c:/st/stm32cubeide_1.8.0/stm32cubeide/plugins/com.st.stm32cube.ide.mcu.externaltools.gnu-tools-for-stm32.9-2020-q2-update.win32_2.0.0.202105311346/tools/bin/../lib/gcc/arm-none-eabi/9.3.1/../../../../arm-none-eabi/lib/thumb/v7-m/nofp\libc_nano.a(lib_a-init.o)
                0x0000000008002850                __libc_init_array
 .text.memset   0x0000000008002898       0x10 c:/st/stm32cubeide_1.8.0/stm32cubeide/plugins/com.st.stm32cube.ide.mcu.externaltools.gnu-tools-for-stm32.9-2020-q2-update.win32_2.0.0.202105311346/tools/bin/../lib/gcc/arm-none-eabi/9.3.1/../../../../arm-none-eabi/lib/thumb/v7-m/nofp\libc_nano.a(lib_a-memset.o)
                0x0000000008002898                memset
 *(.glue_7)
 .glue_7        0x00000000080028a8        0x0 linker stubs
 *(.glue_7t)
 .glue_7t       0x00000000080028a8        0x0 linker stubs
 *(.eh_frame)
 .eh_frame      0x00000000080028a8        0x0 c:/st/stm32cubeide_1.8.0/stm32cubeide/plugins/com.st.stm32cube.ide.mcu.externaltools.gnu-tools-for-stm32.9-2020-q2-update.win32_2.0.0.202105311346/tools/bin/../lib/gcc/arm-none-eabi/9.3.1/thumb/v7-m/nofp/crtbegin.o
 *(.init)
 .init          0x00000000080028a8        0x4 c:/st/stm32cubeide_1.8.0/stm32cubeide/plugins/com.st.stm32cube.ide.mcu.externaltools.gnu-tools-for-stm32.9-2020-q2-update.win32_2.0.0.202105311346/tools/bin/../lib/gcc/arm-none-eabi/9.3.1/thumb/v7-m/nofp/crti.o
                0x00000000080028a8                _init
 .init          0x00000000080028ac        0x8 c:/st/stm32cubeide_1.8.0/stm32cubeide/plugins/com.st.stm32cube.ide.mcu.externaltools.gnu-tools-for-stm32.9-2020-q2-update.win32_2.0.0.202105311346/tools/bin/../lib/gcc/arm-none-eabi/9.3.1/thumb/v7-m/nofp/crtn.o
 *(.fini)
 .fini          0x00000000080028b4        0x4 c:/st/stm32cubeide_1.8.0/stm32cubeide/plugins/com.st.stm32cube.ide.mcu.externaltools.gnu-tools-for-stm32.9-2020-q2-update.win32_2.0.0.202105311346/tools/bin/../lib/gcc/arm-none-eabi/9.3.1/thumb/v7-m/nofp/crti.o
                0x00000000080028b4                _fini
 .fini          0x00000000080028b8        0x8 c:/st/stm32cubeide_1.8.0/stm32cubeide/plugins/com.st.stm32cube.ide.mcu.externaltools.gnu-tools-for-stm32.9-2020-q2-update.win32_2.0.0.202105311346/tools/bin/../lib/gcc/arm-none-eabi/9.3.1/thumb/v7-m/nofp/crtn.o
                0x00000000080028c0                . = ALIGN (0x4)
                0x00000000080028c0                _etext = .

.vfp11_veneer   0x00000000080028c0        0x0
 .vfp11_veneer  0x00000000080028c0        0x0 linker stubs

.v4_bx          0x00000000080028c0        0x0
 .v4_bx         0x00000000080028c0        0x0 linker stubs

.iplt           0x00000000080028c0        0x0
 .iplt          0x00000000080028c0        0x0 c:/st/stm32cubeide_1.8.0/stm32cubeide/plugins/com.st.stm32cube.ide.mcu.externaltools.gnu-tools-for-stm32.9-2020-q2-update.win32_2.0.0.202105311346/tools/bin/../lib/gcc/arm-none-eabi/9.3.1/thumb/v7-m/nofp/crtbegin.o

.rodata         0x00000000080028c0       0x74
                0x00000000080028c0                . = ALIGN (0x4)
 *(.rodata)
 .rodata        0x00000000080028c0       0x49 ./Core/Src/main.o
 *fill*         0x0000000008002909        0x3 
 .rodata        0x000000000800290c       0x10 ./Drivers/STM32F1xx_HAL_Driver/Src/stm32f1xx_hal_rcc.o
 *(.rodata*)
 .rodata.AHBPrescTable
                0x000000000800291c       0x10 ./Core/Src/system_stm32f1xx.o
                0x000000000800291c                AHBPrescTable
 .rodata.APBPrescTable
                0x000000000800292c        0x8 ./Core/Src/system_stm32f1xx.o
                0x000000000800292c                APBPrescTable
                0x0000000008002934                . = ALIGN (0x4)

.rel.dyn        0x0000000008002934        0x0
 .rel.iplt      0x0000000008002934        0x0 c:/st/stm32cubeide_1.8.0/stm32cubeide/plugins/com.st.stm32cube.ide.mcu.externaltools.gnu-tools-for-stm32.9-2020-q2-update.win32_2.0.0.202105311346/tools/bin/../lib/gcc/arm-none-eabi/9.3.1/thumb/v7-m/nofp/crtbegin.o

.ARM.extab      0x0000000008002934        0x0
                0x0000000008002934                . = ALIGN (0x4)
 *(.ARM.extab* .gnu.linkonce.armextab.*)
                0x0000000008002934                . = ALIGN (0x4)

.ARM            0x0000000008002934        0x0
                0x0000000008002934                . = ALIGN (0x4)
                0x0000000008002934                __exidx_start = .
 *(.ARM.exidx*)
                0x0000000008002934                __exidx_end = .
                0x0000000008002934                . = ALIGN (0x4)

.preinit_array  0x0000000008002934        0x0
                0x0000000008002934                . = ALIGN (0x4)
                0x0000000008002934                PROVIDE (__preinit_array_start = .)
 *(.preinit_array*)
                0x0000000008002934                PROVIDE (__preinit_array_end = .)
                0x0000000008002934                . = ALIGN (0x4)

.init_array     0x0000000008002934        0x4
                0x0000000008002934                . = ALIGN (0x4)
                0x0000000008002934                PROVIDE (__init_array_start = .)
 *(SORT_BY_NAME(.init_array.*))
 *(.init_array*)
 .init_array    0x0000000008002934        0x4 c:/st/stm32cubeide_1.8.0/stm32cubeide/plugins/com.st.stm32cube.ide.mcu.externaltools.gnu-tools-for-stm32.9-2020-q2-update.win32_2.0.0.202105311346/tools/bin/../lib/gcc/arm-none-eabi/9.3.1/thumb/v7-m/nofp/crtbegin.o
                0x0000000008002938                PROVIDE (__init_array_end = .)
                0x0000000008002938                . = ALIGN (0x4)

.fini_array     0x0000000008002938        0x4
                0x0000000008002938                . = ALIGN (0x4)
                [!provide]                        PROVIDE (__fini_array_start = .)
 *(SORT_BY_NAME(.fini_array.*))
 *(.fini_array*)
 .fini_array    0x0000000008002938        0x4 c:/st/stm32cubeide_1.8.0/stm32cubeide/plugins/com.st.stm32cube.ide.mcu.externaltools.gnu-tools-for-stm32.9-2020-q2-update.win32_2.0.0.202105311346/tools/bin/../lib/gcc/arm-none-eabi/9.3.1/thumb/v7-m/nofp/crtbegin.o
                [!provide]                        PROVIDE (__fini_array_end = .)
                0x000000000800293c                . = ALIGN (0x4)
                0x000000000800293c                _sidata = LOADADDR (.data)

.data           0x0000000020000000        0xc load address 0x000000000800293c
                0x0000000020000000                . = ALIGN (0x4)
                0x0000000020000000                _sdata = .
 *(.data)
 *(.data*)
 .data.SystemCoreClock
                0x0000000020000000        0x4 ./Core/Src/system_stm32f1xx.o
                0x0000000020000000                SystemCoreClock
 .data.uwTickPrio
                0x0000000020000004        0x4 ./Drivers/STM32F1xx_HAL_Driver/Src/stm32f1xx_hal.o
                0x0000000020000004                uwTickPrio
 .data.uwTickFreq
                0x0000000020000008        0x1 ./Drivers/STM32F1xx_HAL_Driver/Src/stm32f1xx_hal.o
                0x0000000020000008                uwTickFreq
 *(.RamFunc)
 *(.RamFunc*)
                0x000000002000000c                . = ALIGN (0x4)
 *fill*         0x0000000020000009        0x3 
                0x000000002000000c                _edata = .

.igot.plt       0x000000002000000c        0x0 load address 0x0000000008002948
 .igot.plt      0x000000002000000c        0x0 c:/st/stm32cubeide_1.8.0/stm32cubeide/plugins/com.st.stm32cube.ide.mcu.externaltools.gnu-tools-for-stm32.9-2020-q2-update.win32_2.0.0.202105311346/tools/bin/../lib/gcc/arm-none-eabi/9.3.1/thumb/v7-m/nofp/crtbegin.o
                0x000000002000000c                . = ALIGN (0x4)

.bss            0x000000002000000c      0x8c8 load address 0x0000000008002948
                0x000000002000000c                _sbss = .
                0x000000002000000c                __bss_start__ = _sbss
 *(.bss)
 .bss           0x000000002000000c       0x1c c:/st/stm32cubeide_1.8.0/stm32cubeide/plugins/com.st.stm32cube.ide.mcu.externaltools.gnu-tools-for-stm32.9-2020-q2-update.win32_2.0.0.202105311346/tools/bin/../lib/gcc/arm-none-eabi/9.3.1/thumb/v7-m/nofp/crtbegin.o
 *(.bss*)
 .bss.toggle    0x0000000020000028        0x4 ./Core/Src/main.o
                0x0000000020000028                toggle
 .bss.state     0x000000002000002c        0x4 ./Core/Src/main.o
                0x000000002000002c                state
 .bss.UART1_rxBuffer
                0x0000000020000030        0x1 ./Core/Src/main.o
                0x0000000020000030                UART1_rxBuffer
 *(COMMON)
 *fill*         0x0000000020000031        0x3 
 COMMON         0x0000000020000034      0x89c ./Core/Src/main.o
                0x0000000020000034                hdma_usart1_tx
                0x0000000020000078                hdma_usart1_rx
                0x00000000200000bc                huart1
                0x0000000020000100                dma_buffer
 COMMON         0x00000000200008d0        0x4 ./Drivers/STM32F1xx_HAL_Driver/Src/stm32f1xx_hal.o
                0x00000000200008d0                uwTick
                0x00000000200008d4                . = ALIGN (0x4)
                0x00000000200008d4                _ebss = .
                0x00000000200008d4                __bss_end__ = _ebss

._user_heap_stack
                0x00000000200008d4      0x604 load address 0x0000000008002948
                0x00000000200008d8                . = ALIGN (0x8)
 *fill*         0x00000000200008d4        0x4 
                [!provide]                        PROVIDE (end = .)
                0x00000000200008d8                PROVIDE (_end = .)
                0x0000000020000ad8                . = (. + _Min_Heap_Size)
 *fill*         0x00000000200008d8      0x200 
                0x0000000020000ed8                . = (. + _Min_Stack_Size)
 *fill*         0x0000000020000ad8      0x400 
                0x0000000020000ed8                . = ALIGN (0x8)

/DISCARD/
 libc.a(*)
 libm.a(*)
 libgcc.a(*)

.ARM.attributes
                0x0000000000000000       0x29
 *(.ARM.attributes)
 .ARM.attributes
                0x0000000000000000       0x1d c:/st/stm32cubeide_1.8.0/stm32cubeide/plugins/com.st.stm32cube.ide.mcu.externaltools.gnu-tools-for-stm32.9-2020-q2-update.win32_2.0.0.202105311346/tools/bin/../lib/gcc/arm-none-eabi/9.3.1/thumb/v7-m/nofp/crti.o
 .ARM.attributes
                0x000000000000001d       0x2d c:/st/stm32cubeide_1.8.0/stm32cubeide/plugins/com.st.stm32cube.ide.mcu.externaltools.gnu-tools-for-stm32.9-2020-q2-update.win32_2.0.0.202105311346/tools/bin/../lib/gcc/arm-none-eabi/9.3.1/thumb/v7-m/nofp/crtbegin.o
 .ARM.attributes
                0x000000000000004a       0x2d ./Core/Src/main.o
 .ARM.attributes
                0x0000000000000077       0x2d ./Core/Src/stm32f1xx_hal_msp.o
 .ARM.attributes
                0x00000000000000a4       0x2d ./Core/Src/stm32f1xx_it.o
 .ARM.attributes
                0x00000000000000d1       0x2d ./Core/Src/system_stm32f1xx.o
 .ARM.attributes
                0x00000000000000fe       0x21 ./Core/Startup/startup_stm32f103c6tx.o
 .ARM.attributes
                0x000000000000011f       0x2d ./Drivers/STM32F1xx_HAL_Driver/Src/stm32f1xx_hal.o
 .ARM.attributes
                0x000000000000014c       0x2d ./Drivers/STM32F1xx_HAL_Driver/Src/stm32f1xx_hal_cortex.o
 .ARM.attributes
                0x0000000000000179       0x2d ./Drivers/STM32F1xx_HAL_Driver/Src/stm32f1xx_hal_dma.o
 .ARM.attributes
                0x00000000000001a6       0x2d ./Drivers/STM32F1xx_HAL_Driver/Src/stm32f1xx_hal_gpio.o
 .ARM.attributes
                0x00000000000001d3       0x2d ./Drivers/STM32F1xx_HAL_Driver/Src/stm32f1xx_hal_rcc.o
 .ARM.attributes
                0x0000000000000200       0x2d ./Drivers/STM32F1xx_HAL_Driver/Src/stm32f1xx_hal_uart.o
 .ARM.attributes
                0x000000000000022d       0x2d c:/st/stm32cubeide_1.8.0/stm32cubeide/plugins/com.st.stm32cube.ide.mcu.externaltools.gnu-tools-for-stm32.9-2020-q2-update.win32_2.0.0.202105311346/tools/bin/../lib/gcc/arm-none-eabi/9.3.1/../../../../arm-none-eabi/lib/thumb/v7-m/nofp\libc_nano.a(lib_a-init.o)
 .ARM.attributes
                0x000000000000025a       0x2d c:/st/stm32cubeide_1.8.0/stm32cubeide/plugins/com.st.stm32cube.ide.mcu.externaltools.gnu-tools-for-stm32.9-2020-q2-update.win32_2.0.0.202105311346/tools/bin/../lib/gcc/arm-none-eabi/9.3.1/../../../../arm-none-eabi/lib/thumb/v7-m/nofp\libc_nano.a(lib_a-memset.o)
 .ARM.attributes
                0x0000000000000287       0x1d c:/st/stm32cubeide_1.8.0/stm32cubeide/plugins/com.st.stm32cube.ide.mcu.externaltools.gnu-tools-for-stm32.9-2020-q2-update.win32_2.0.0.202105311346/tools/bin/../lib/gcc/arm-none-eabi/9.3.1/thumb/v7-m/nofp/crtn.o
OUTPUT(Lab08.elf elf32-littlearm)
LOAD linker stubs
LOAD c:/st/stm32cubeide_1.8.0/stm32cubeide/plugins/com.st.stm32cube.ide.mcu.externaltools.gnu-tools-for-stm32.9-2020-q2-update.win32_2.0.0.202105311346/tools/bin/../lib/gcc/arm-none-eabi/9.3.1/../../../../arm-none-eabi/lib/thumb/v7-m/nofp\libc.a
LOAD c:/st/stm32cubeide_1.8.0/stm32cubeide/plugins/com.st.stm32cube.ide.mcu.externaltools.gnu-tools-for-stm32.9-2020-q2-update.win32_2.0.0.202105311346/tools/bin/../lib/gcc/arm-none-eabi/9.3.1/../../../../arm-none-eabi/lib/thumb/v7-m/nofp\libm.a
LOAD c:/st/stm32cubeide_1.8.0/stm32cubeide/plugins/com.st.stm32cube.ide.mcu.externaltools.gnu-tools-for-stm32.9-2020-q2-update.win32_2.0.0.202105311346/tools/bin/../lib/gcc/arm-none-eabi/9.3.1/thumb/v7-m/nofp\libgcc.a

.debug_info     0x0000000000000000     0x614e
 .debug_info    0x0000000000000000      0xc62 ./Core/Src/main.o
 .debug_info    0x0000000000000c62      0xa3f ./Core/Src/stm32f1xx_hal_msp.o
 .debug_info    0x00000000000016a1      0x6fc ./Core/Src/stm32f1xx_it.o
 .debug_info    0x0000000000001d9d      0x2be ./Core/Src/system_stm32f1xx.o
 .debug_info    0x000000000000205b       0x22 ./Core/Startup/startup_stm32f103c6tx.o
 .debug_info    0x000000000000207d      0x74c ./Drivers/STM32F1xx_HAL_Driver/Src/stm32f1xx_hal.o
 .debug_info    0x00000000000027c9      0xbbe ./Drivers/STM32F1xx_HAL_Driver/Src/stm32f1xx_hal_cortex.o
 .debug_info    0x0000000000003387      0x81e ./Drivers/STM32F1xx_HAL_Driver/Src/stm32f1xx_hal_dma.o
 .debug_info    0x0000000000003ba5      0x701 ./Drivers/STM32F1xx_HAL_Driver/Src/stm32f1xx_hal_gpio.o
 .debug_info    0x00000000000042a6      0x88e ./Drivers/STM32F1xx_HAL_Driver/Src/stm32f1xx_hal_rcc.o
 .debug_info    0x0000000000004b34     0x161a ./Drivers/STM32F1xx_HAL_Driver/Src/stm32f1xx_hal_uart.o

.debug_abbrev   0x0000000000000000     0x1534
 .debug_abbrev  0x0000000000000000      0x2ae ./Core/Src/main.o
 .debug_abbrev  0x00000000000002ae      0x1b5 ./Core/Src/stm32f1xx_hal_msp.o
 .debug_abbrev  0x0000000000000463      0x163 ./Core/Src/stm32f1xx_it.o
 .debug_abbrev  0x00000000000005c6      0x14e ./Core/Src/system_stm32f1xx.o
 .debug_abbrev  0x0000000000000714       0x12 ./Core/Startup/startup_stm32f103c6tx.o
 .debug_abbrev  0x0000000000000726      0x1ed ./Drivers/STM32F1xx_HAL_Driver/Src/stm32f1xx_hal.o
 .debug_abbrev  0x0000000000000913      0x313 ./Drivers/STM32F1xx_HAL_Driver/Src/stm32f1xx_hal_cortex.o
 .debug_abbrev  0x0000000000000c26      0x228 ./Drivers/STM32F1xx_HAL_Driver/Src/stm32f1xx_hal_dma.o
 .debug_abbrev  0x0000000000000e4e      0x1e8 ./Drivers/STM32F1xx_HAL_Driver/Src/stm32f1xx_hal_gpio.o
 .debug_abbrev  0x0000000000001036      0x273 ./Drivers/STM32F1xx_HAL_Driver/Src/stm32f1xx_hal_rcc.o
 .debug_abbrev  0x00000000000012a9      0x28b ./Drivers/STM32F1xx_HAL_Driver/Src/stm32f1xx_hal_uart.o

.debug_aranges  0x0000000000000000      0x6a8
 .debug_aranges
                0x0000000000000000       0x68 ./Core/Src/main.o
 .debug_aranges
                0x0000000000000068       0x30 ./Core/Src/stm32f1xx_hal_msp.o
 .debug_aranges
                0x0000000000000098       0x78 ./Core/Src/stm32f1xx_it.o
 .debug_aranges
                0x0000000000000110       0x28 ./Core/Src/system_stm32f1xx.o
 .debug_aranges
                0x0000000000000138       0x28 ./Core/Startup/startup_stm32f103c6tx.o
 .debug_aranges
                0x0000000000000160       0xe0 ./Drivers/STM32F1xx_HAL_Driver/Src/stm32f1xx_hal.o
 .debug_aranges
                0x0000000000000240      0x100 ./Drivers/STM32F1xx_HAL_Driver/Src/stm32f1xx_hal_cortex.o
 .debug_aranges
                0x0000000000000340       0x80 ./Drivers/STM32F1xx_HAL_Driver/Src/stm32f1xx_hal_dma.o
 .debug_aranges
                0x00000000000003c0       0x58 ./Drivers/STM32F1xx_HAL_Driver/Src/stm32f1xx_hal_gpio.o
 .debug_aranges
                0x0000000000000418       0x90 ./Drivers/STM32F1xx_HAL_Driver/Src/stm32f1xx_hal_rcc.o
 .debug_aranges
                0x00000000000004a8      0x200 ./Drivers/STM32F1xx_HAL_Driver/Src/stm32f1xx_hal_uart.o

.debug_ranges   0x0000000000000000      0x630
 .debug_ranges  0x0000000000000000       0x58 ./Core/Src/main.o
 .debug_ranges  0x0000000000000058       0x20 ./Core/Src/stm32f1xx_hal_msp.o
 .debug_ranges  0x0000000000000078       0x68 ./Core/Src/stm32f1xx_it.o
 .debug_ranges  0x00000000000000e0       0x18 ./Core/Src/system_stm32f1xx.o
 .debug_ranges  0x00000000000000f8       0x20 ./Core/Startup/startup_stm32f103c6tx.o
 .debug_ranges  0x0000000000000118       0xd0 ./Drivers/STM32F1xx_HAL_Driver/Src/stm32f1xx_hal.o
 .debug_ranges  0x00000000000001e8       0xf0 ./Drivers/STM32F1xx_HAL_Driver/Src/stm32f1xx_hal_cortex.o
 .debug_ranges  0x00000000000002d8       0x70 ./Drivers/STM32F1xx_HAL_Driver/Src/stm32f1xx_hal_dma.o
 .debug_ranges  0x0000000000000348       0x48 ./Drivers/STM32F1xx_HAL_Driver/Src/stm32f1xx_hal_gpio.o
 .debug_ranges  0x0000000000000390       0x80 ./Drivers/STM32F1xx_HAL_Driver/Src/stm32f1xx_hal_rcc.o
 .debug_ranges  0x0000000000000410      0x220 ./Drivers/STM32F1xx_HAL_Driver/Src/stm32f1xx_hal_uart.o

.debug_macro    0x0000000000000000    0x15b0a
 .debug_macro   0x0000000000000000      0x19c ./Core/Src/main.o
 .debug_macro   0x000000000000019c      0xa9c ./Core/Src/main.o
 .debug_macro   0x0000000000000c38      0x21b ./Core/Src/main.o
 .debug_macro   0x0000000000000e53       0x2e ./Core/Src/main.o
 .debug_macro   0x0000000000000e81       0x22 ./Core/Src/main.o
 .debug_macro   0x0000000000000ea3       0x22 ./Core/Src/main.o
 .debug_macro   0x0000000000000ec5       0x8e ./Core/Src/main.o
 .debug_macro   0x0000000000000f53       0x51 ./Core/Src/main.o
 .debug_macro   0x0000000000000fa4      0x103 ./Core/Src/main.o
 .debug_macro   0x00000000000010a7       0x6a ./Core/Src/main.o
 .debug_macro   0x0000000000001111      0x1df ./Core/Src/main.o
 .debug_macro   0x00000000000012f0       0x1c ./Core/Src/main.o
 .debug_macro   0x000000000000130c       0x22 ./Core/Src/main.o
 .debug_macro   0x000000000000132e       0xc3 ./Core/Src/main.o
 .debug_macro   0x00000000000013f1      0xd23 ./Core/Src/main.o
 .debug_macro   0x0000000000002114     0xde75 ./Core/Src/main.o
 .debug_macro   0x000000000000ff89       0x6d ./Core/Src/main.o
 .debug_macro   0x000000000000fff6     0x3468 ./Core/Src/main.o
 .debug_macro   0x000000000001345e      0x174 ./Core/Src/main.o
 .debug_macro   0x00000000000135d2       0x5c ./Core/Src/main.o
 .debug_macro   0x000000000001362e      0x5be ./Core/Src/main.o
 .debug_macro   0x0000000000013bec      0x1b7 ./Core/Src/main.o
 .debug_macro   0x0000000000013da3      0x1cb ./Core/Src/main.o
 .debug_macro   0x0000000000013f6e      0x114 ./Core/Src/main.o
 .debug_macro   0x0000000000014082      0x1b2 ./Core/Src/main.o
 .debug_macro   0x0000000000014234       0x27 ./Core/Src/main.o
 .debug_macro   0x000000000001425b      0x12f ./Core/Src/main.o
 .debug_macro   0x000000000001438a      0x1bc ./Core/Src/main.o
 .debug_macro   0x0000000000014546       0x34 ./Core/Src/main.o
 .debug_macro   0x000000000001457a       0x3c ./Core/Src/main.o
 .debug_macro   0x00000000000145b6       0x57 ./Core/Src/main.o
 .debug_macro   0x000000000001460d       0x88 ./Core/Src/main.o
 .debug_macro   0x0000000000014695      0x183 ./Core/Src/main.o
 .debug_macro   0x0000000000014818      0x141 ./Core/Src/main.o
 .debug_macro   0x0000000000014959      0x279 ./Core/Src/main.o
 .debug_macro   0x0000000000014bd2       0x69 ./Core/Src/main.o
 .debug_macro   0x0000000000014c3b       0x10 ./Core/Src/main.o
 .debug_macro   0x0000000000014c4b      0x19c ./Core/Src/stm32f1xx_hal_msp.o
 .debug_macro   0x0000000000014de7      0x1a6 ./Core/Src/stm32f1xx_it.o
 .debug_macro   0x0000000000014f8d      0x18d ./Core/Src/system_stm32f1xx.o
 .debug_macro   0x000000000001511a      0x1b1 ./Drivers/STM32F1xx_HAL_Driver/Src/stm32f1xx_hal.o
 .debug_macro   0x00000000000152cb      0x18d ./Drivers/STM32F1xx_HAL_Driver/Src/stm32f1xx_hal_cortex.o
 .debug_macro   0x0000000000015458      0x18d ./Drivers/STM32F1xx_HAL_Driver/Src/stm32f1xx_hal_dma.o
 .debug_macro   0x00000000000155e5      0x1f8 ./Drivers/STM32F1xx_HAL_Driver/Src/stm32f1xx_hal_gpio.o
 .debug_macro   0x00000000000157dd      0x19f ./Drivers/STM32F1xx_HAL_Driver/Src/stm32f1xx_hal_rcc.o
 .debug_macro   0x000000000001597c      0x18e ./Drivers/STM32F1xx_HAL_Driver/Src/stm32f1xx_hal_uart.o

.debug_line     0x0000000000000000     0x6f38
 .debug_line    0x0000000000000000      0x836 ./Core/Src/main.o
 .debug_line    0x0000000000000836      0x6e7 ./Core/Src/stm32f1xx_hal_msp.o
 .debug_line    0x0000000000000f1d      0x756 ./Core/Src/stm32f1xx_it.o
 .debug_line    0x0000000000001673      0x6ca ./Core/Src/system_stm32f1xx.o
 .debug_line    0x0000000000001d3d       0x87 ./Core/Startup/startup_stm32f103c6tx.o
 .debug_line    0x0000000000001dc4      0x8f7 ./Drivers/STM32F1xx_HAL_Driver/Src/stm32f1xx_hal.o
 .debug_line    0x00000000000026bb      0xadf ./Drivers/STM32F1xx_HAL_Driver/Src/stm32f1xx_hal_cortex.o
 .debug_line    0x000000000000319a      0xd4f ./Drivers/STM32F1xx_HAL_Driver/Src/stm32f1xx_hal_dma.o
 .debug_line    0x0000000000003ee9      0x978 ./Drivers/STM32F1xx_HAL_Driver/Src/stm32f1xx_hal_gpio.o
 .debug_line    0x0000000000004861      0xd05 ./Drivers/STM32F1xx_HAL_Driver/Src/stm32f1xx_hal_rcc.o
 .debug_line    0x0000000000005566     0x19d2 ./Drivers/STM32F1xx_HAL_Driver/Src/stm32f1xx_hal_uart.o

.debug_str      0x0000000000000000    0x7beee
 .debug_str     0x0000000000000000    0x7a98e ./Core/Src/main.o
                                      0x7ad79 (size before relaxing)
 .debug_str     0x000000000007a98e       0x7e ./Core/Src/stm32f1xx_hal_msp.o
                                      0x7abd0 (size before relaxing)
 .debug_str     0x000000000007aa0c      0x101 ./Core/Src/stm32f1xx_it.o
                                      0x7a90a (size before relaxing)
 .debug_str     0x000000000007ab0d       0x52 ./Core/Src/system_stm32f1xx.o
                                      0x7a487 (size before relaxing)
 .debug_str     0x000000000007ab5f       0x36 ./Core/Startup/startup_stm32f103c6tx.o
                                         0x6e (size before relaxing)
 .debug_str     0x000000000007ab95      0x304 ./Drivers/STM32F1xx_HAL_Driver/Src/stm32f1xx_hal.o
                                      0x7aade (size before relaxing)
 .debug_str     0x000000000007ae99      0x300 ./Drivers/STM32F1xx_HAL_Driver/Src/stm32f1xx_hal_cortex.o
                                      0x7aae6 (size before relaxing)
 .debug_str     0x000000000007b199      0x23a ./Drivers/STM32F1xx_HAL_Driver/Src/stm32f1xx_hal_dma.o
                                      0x7a862 (size before relaxing)
 .debug_str     0x000000000007b3d3      0x31f ./Drivers/STM32F1xx_HAL_Driver/Src/stm32f1xx_hal_gpio.o
                                      0x7a84b (size before relaxing)
 .debug_str     0x000000000007b6f2      0x24f ./Drivers/STM32F1xx_HAL_Driver/Src/stm32f1xx_hal_rcc.o
                                      0x7a884 (size before relaxing)
 .debug_str     0x000000000007b941      0x5ad ./Drivers/STM32F1xx_HAL_Driver/Src/stm32f1xx_hal_uart.o
                                      0x7ae76 (size before relaxing)

.comment        0x0000000000000000       0x53
 .comment       0x0000000000000000       0x53 ./Core/Src/main.o
                                         0x54 (size before relaxing)
 .comment       0x0000000000000053       0x54 ./Core/Src/stm32f1xx_hal_msp.o
 .comment       0x0000000000000053       0x54 ./Core/Src/stm32f1xx_it.o
 .comment       0x0000000000000053       0x54 ./Core/Src/system_stm32f1xx.o
 .comment       0x0000000000000053       0x54 ./Drivers/STM32F1xx_HAL_Driver/Src/stm32f1xx_hal.o
 .comment       0x0000000000000053       0x54 ./Drivers/STM32F1xx_HAL_Driver/Src/stm32f1xx_hal_cortex.o
 .comment       0x0000000000000053       0x54 ./Drivers/STM32F1xx_HAL_Driver/Src/stm32f1xx_hal_dma.o
 .comment       0x0000000000000053       0x54 ./Drivers/STM32F1xx_HAL_Driver/Src/stm32f1xx_hal_gpio.o
 .comment       0x0000000000000053       0x54 ./Drivers/STM32F1xx_HAL_Driver/Src/stm32f1xx_hal_rcc.o
 .comment       0x0000000000000053       0x54 ./Drivers/STM32F1xx_HAL_Driver/Src/stm32f1xx_hal_uart.o

.debug_frame    0x0000000000000000     0x19bc
 .debug_frame   0x0000000000000000      0x160 ./Core/Src/main.o
 .debug_frame   0x0000000000000160       0x80 ./Core/Src/stm32f1xx_hal_msp.o
 .debug_frame   0x00000000000001e0      0x158 ./Core/Src/stm32f1xx_it.o
 .debug_frame   0x0000000000000338       0x58 ./Core/Src/system_stm32f1xx.o
 .debug_frame   0x0000000000000390      0x334 ./Drivers/STM32F1xx_HAL_Driver/Src/stm32f1xx_hal.o
 .debug_frame   0x00000000000006c4      0x428 ./Drivers/STM32F1xx_HAL_Driver/Src/stm32f1xx_hal_cortex.o
 .debug_frame   0x0000000000000aec      0x208 ./Drivers/STM32F1xx_HAL_Driver/Src/stm32f1xx_hal_dma.o
 .debug_frame   0x0000000000000cf4      0x14c ./Drivers/STM32F1xx_HAL_Driver/Src/stm32f1xx_hal_gpio.o
 .debug_frame   0x0000000000000e40      0x21c ./Drivers/STM32F1xx_HAL_Driver/Src/stm32f1xx_hal_rcc.o
 .debug_frame   0x000000000000105c      0x914 ./Drivers/STM32F1xx_HAL_Driver/Src/stm32f1xx_hal_uart.o
 .debug_frame   0x0000000000001970       0x2c c:/st/stm32cubeide_1.8.0/stm32cubeide/plugins/com.st.stm32cube.ide.mcu.externaltools.gnu-tools-for-stm32.9-2020-q2-update.win32_2.0.0.202105311346/tools/bin/../lib/gcc/arm-none-eabi/9.3.1/../../../../arm-none-eabi/lib/thumb/v7-m/nofp\libc_nano.a(lib_a-init.o)
 .debug_frame   0x000000000000199c       0x20 c:/st/stm32cubeide_1.8.0/stm32cubeide/plugins/com.st.stm32cube.ide.mcu.externaltools.gnu-tools-for-stm32.9-2020-q2-update.win32_2.0.0.202105311346/tools/bin/../lib/gcc/arm-none-eabi/9.3.1/../../../../arm-none-eabi/lib/thumb/v7-m/nofp\libc_nano.a(lib_a-memset.o)
